!***************  VE CONTRIBUTION  ******************************************************** 

!*** Special binary plugins which are temporarily included until they become open sourced.
plugin@org.eclipse.wtp.emf=NM720040211_a,:pserver:anonymous@dev.eclipse.org:/home/tools,,org.eclipse.jem-feature/org.eclipse.wtp.emf
plugin@com.ibm.etools.emf.event=NM720040211_a,:pserver:anonymous@dev.eclipse.org:/home/tools,,org.eclipse.jem-feature/com.ibm.etools.emf.event
plugin@org.eclipse.wtp.emf.workbench=NM720040211_a,:pserver:anonymous@dev.eclipse.org:/home/tools,,org.eclipse.jem-feature/org.eclipse.wtp.emf.workbench
plugin@org.eclipse.wtp.common=NM720040211_a,:pserver:anonymous@dev.eclipse.org:/home/tools,,org.eclipse.jem-feature/org.eclipse.wtp.common

!*** Special ones from eclipse.
plugin@org.eclipse.test=v20031125,:pserver:anonymous@dev.eclipse.org:/home/eclipse,
fragment@org.eclipse.ant.optional.junit=v20030401,:pserver:anonymous@dev.eclipse.org:/home/eclipse,

!*** The standard contributions

plugin@org.eclipse.jem=NM720040211_a,:pserver:anonymous@dev.eclipse.org:/home/tools,
plugin@org.eclipse.jem.beaninfo=NM720040211_a,:pserver:anonymous@dev.eclipse.org:/home/tools,
plugin@org.eclipse.jem.beaninfo.ui=NM720040211_a,:pserver:anonymous@dev.eclipse.org:/home/tools,
plugin@org.eclipse.jem.proxy=NM720040211_a,:pserver:anonymous@dev.eclipse.org:/home/tools,
plugin@org.eclipse.jem.tests=NM720040211_a,:pserver:anonymous@dev.eclipse.org:/home/tools,
plugin@org.eclipse.jem.workbench=NM720040211_a,:pserver:anonymous@dev.eclipse.org:/home/tools,

plugin@org.eclipse.ve=NM720040211_a,:pserver:anonymous@dev.eclipse.org:/home/tools,
plugin@org.eclipse.ve.cde=NM720040211_a,:pserver:anonymous@dev.eclipse.org:/home/tools,
plugin@org.eclipse.ve.examples=NM720040211_a,:pserver:anonymous@dev.eclipse.org:/home/tools,
plugin@org.eclipse.ve.java.core=NM720040211_a,:pserver:anonymous@dev.eclipse.org:/home/tools,
plugin@org.eclipse.ve.propertysheet=NM720040211,:pserver:anonymous@dev.eclipse.org:/home/tools,
plugin@org.eclipse.ve.jfc=NM720040211_a,:pserver:anonymous@dev.eclipse.org:/home/tools,
plugin@org.eclipse.ve.swt=NM720040211,:pserver:anonymous@dev.eclipse.org:/home/tools,
plugin@org.eclipse.ve.tests=NM720040211,:pserver:anonymous@dev.eclipse.org:/home/tools,
plugin@org.eclipse.ve.doc=NM720040211,:pserver:anonymous@dev.eclipse.org:/home/tools,

feature@org.eclipse.jem=NM720040211_a,:pserver:anonymous@dev.eclipse.org:/home/tools,,org.eclipse.jem-feature
feature@org.eclipse.jem.tests=NM720040211_a,:pserver:anonymous@dev.eclipse.org:/home/tools,,org.eclipse.jem.tests-feature

feature@org.eclipse.ve=NM720040211,:pserver:anonymous@dev.eclipse.org:/home/tools,,org.eclipse.ve-feature
feature@org.eclipse.ve.examples=NM720040211_a,:pserver:anonymous@dev.eclipse.org:/home/tools,,org.eclipse.ve.examples-feature
feature@org.eclipse.ve.tests=NM720040211,:pserver:anonymous@dev.eclipse.org:/home/tools,,org.eclipse.ve.tests-feature
feature@org.eclipse.ve.sdk=NM720040211,:pserver:anonymous@dev.eclipse.org:/home/tools,,org.eclipse.ve-feature/org.eclipse.ve.sdk

