!***************  VE CONTRIBUTION  ******************************************************** 

!*** Special binary plugins which are temporarily included until they become open sourced.
plugin@com.ibm.etools.emf.event=M2-20040730,:pserver:anonymous@dev.eclipse.org:/home/tools,,org.eclipse.jem-feature/com.ibm.etools.emf.event
plugin@com.ibm.wtp.emf.workbench=M2-20040730,:pserver:anonymous@dev.eclipse.org:/home/tools,,org.eclipse.jem-feature/com.ibm.wtp.emf.workbench
plugin@com.ibm.wtp.common.util=M2-20040730,:pserver:anonymous@dev.eclipse.org:/home/tools,,org.eclipse.jem-feature/com.ibm.wtp.common.util
feature@com.ibm.wtp.emf.integration.core=M2-20040730,:pserver:anonymous@dev.eclipse.org:/home/tools,,org.eclipse.jem-feature/com.ibm.wtp.emf.integration.core-feature
feature@com.ibm.wtp.common.utilities=M2-20040730,:pserver:anonymous@dev.eclipse.org:/home/tools,,org.eclipse.jem-feature/com.ibm.wtp.common.utilities-feature

!*** Special ones from eclipse.
plugin@org.eclipse.test=v20040510a,:pserver:anonymous@dev.eclipse.org:/home/eclipse,
fragment@org.eclipse.ant.optional.junit=v20030401,:pserver:anonymous@dev.eclipse.org:/home/eclipse,
plugin@org.eclipse.perfmsr.core=v20040526a,:pserver:anonymous@dev.eclipse.org:/home/eclipse,,org.eclipse.sdk.tests-feature/plugins/org.eclipse.perfmsr.core,

!*** The standard contributions

plugin@org.eclipse.jem=M2-20040730,:pserver:anonymous@dev.eclipse.org:/home/tools,
plugin@org.eclipse.jem.beaninfo=M2-20040730,:pserver:anonymous@dev.eclipse.org:/home/tools,
plugin@org.eclipse.jem.ui=M2-20040730,:pserver:anonymous@dev.eclipse.org:/home/tools,
plugin@org.eclipse.jem.proxy=M2-20040730,:pserver:anonymous@dev.eclipse.org:/home/tools,
plugin@org.eclipse.jem.tests=M2-20040730,:pserver:anonymous@dev.eclipse.org:/home/tools,
plugin@org.eclipse.jem.workbench=M2-20040730,:pserver:anonymous@dev.eclipse.org:/home/tools,
plugin@org.eclipse.jem.sdk=M2-20040730,:pserver:anonymous@dev.eclipse.org:/home/tools,,org.eclipse.jem-feature/org.eclipse.jem.sdk

plugin@org.eclipse.ve=M2-20040730,:pserver:anonymous@dev.eclipse.org:/home/tools,
plugin@org.eclipse.ve.cde=M2-20040730,:pserver:anonymous@dev.eclipse.org:/home/tools,
plugin@org.eclipse.ve.examples=M2-20040730,:pserver:anonymous@dev.eclipse.org:/home/tools,
plugin@org.eclipse.ve.java.core=M2-20040730b,:pserver:anonymous@dev.eclipse.org:/home/tools,
plugin@org.eclipse.ve.propertysheet=M2-20040730,:pserver:anonymous@dev.eclipse.org:/home/tools,
plugin@org.eclipse.ve.jfc=M2-20040730,:pserver:anonymous@dev.eclipse.org:/home/tools,
plugin@org.eclipse.ve.swt=M2-20040730c,:pserver:anonymous@dev.eclipse.org:/home/tools,
plugin@org.eclipse.ve.tests=M2-20040730,:pserver:anonymous@dev.eclipse.org:/home/tools,
plugin@org.eclipse.ve.doc=M2-20040730,:pserver:anonymous@dev.eclipse.org:/home/tools,
plugin@org.eclipse.ve.sdk=M2-20040730,:pserver:anonymous@dev.eclipse.org:/home/tools,,org.eclipse.ve-feature/org.eclipse.ve.sdk

feature@org.eclipse.jem=M2-20040730,:pserver:anonymous@dev.eclipse.org:/home/tools,,org.eclipse.jem-feature
feature@org.eclipse.jem.sdk=M2-20040730,:pserver:anonymous@dev.eclipse.org:/home/tools,,org.eclipse.jem-feature/org.eclipse.jem.sdk-feature
feature@org.eclipse.jem.tests=M2-20040730,:pserver:anonymous@dev.eclipse.org:/home/tools,,org.eclipse.jem.tests-feature

feature@org.eclipse.ve=M2-20040730,:pserver:anonymous@dev.eclipse.org:/home/tools,,org.eclipse.ve-feature
feature@org.eclipse.ve.examples=M2-20040730,:pserver:anonymous@dev.eclipse.org:/home/tools,,org.eclipse.ve.examples-feature
feature@org.eclipse.ve.tests=M2-20040730,:pserver:anonymous@dev.eclipse.org:/home/tools,,org.eclipse.ve.tests-feature
feature@org.eclipse.ve.sdk=M2-20040730,:pserver:anonymous@dev.eclipse.org:/home/tools,,org.eclipse.ve-feature/org.eclipse.ve.sdk-feature

