!***************  VE CONTRIBUTION  ******************************************************** 

!*** Special binary plugins which are temporarily included until they become open sourced.
plugin@com.ibm.etools.emf.event=I20050719,:pserver:anonymous@dev.eclipse.org:/home/tools,,org.eclipse.jem-feature/com.ibm.etools.emf.event

!*** Special ones from eclipse.
plugin@org.eclipse.test=v20050226,:pserver:anonymous@dev.eclipse.org:/home/eclipse,
fragment@org.eclipse.ant.optional.junit=v20050226,:pserver:anonymous@dev.eclipse.org:/home/eclipse,
plugin@org.eclipse.perfmsr.core=v31-20050605c,:pserver:anonymous@dev.eclipse.org:/home/eclipse,,org.eclipse.sdk.tests-feature/plugins/org.eclipse.perfmsr.core,
feature@phony.perfcore=N20050114f,:pserver:anonymous@dev.eclipse.org:/home/tools,,org.eclipse.ve.releng.builder/perfcore/phony.perfcore-feature,

!*** The standard contributions

plugin@org.eclipse.jem=I20050719,:pserver:anonymous@dev.eclipse.org:/home/tools,
plugin@org.eclipse.jem.beaninfo=I20050719,:pserver:anonymous@dev.eclipse.org:/home/tools,
plugin@org.eclipse.jem.ui=I20050719,:pserver:anonymous@dev.eclipse.org:/home/tools,
plugin@org.eclipse.jem.util=I20050719,:pserver:anonymous@dev.eclipse.org:/home/tools,
plugin@org.eclipse.jem.proxy=I20050719,:pserver:anonymous@dev.eclipse.org:/home/tools,
plugin@org.eclipse.jem.tests=I20050719,:pserver:anonymous@dev.eclipse.org:/home/tools,
plugin@org.eclipse.jem.workbench=I20050719,:pserver:anonymous@dev.eclipse.org:/home/tools,
plugin@org.eclipse.jem.sdk=I20050719,:pserver:anonymous@dev.eclipse.org:/home/tools,,org.eclipse.jem-feature/org.eclipse.jem.sdk

plugin@org.eclipse.ve=I20050719,:pserver:anonymous@dev.eclipse.org:/home/tools,
plugin@org.eclipse.ve.cde=I20050719,:pserver:anonymous@dev.eclipse.org:/home/tools,
plugin@org.eclipse.ve.examples=I20050719,:pserver:anonymous@dev.eclipse.org:/home/tools,
plugin@org.eclipse.ve.java.core=I20050719,:pserver:anonymous@dev.eclipse.org:/home/tools,
plugin@org.eclipse.ve.propertysheet=I20050719,:pserver:anonymous@dev.eclipse.org:/home/tools,
plugin@org.eclipse.ve.jfc=I20050719,:pserver:anonymous@dev.eclipse.org:/home/tools,
plugin@org.eclipse.ve.swt=I20050719,:pserver:anonymous@dev.eclipse.org:/home/tools,
plugin@org.eclipse.ve.tests=I20050719,:pserver:anonymous@dev.eclipse.org:/home/tools,
plugin@org.eclipse.ve.doc=I20050719,:pserver:anonymous@dev.eclipse.org:/home/tools,
plugin@org.eclipse.ve.sdk=I20050719,:pserver:anonymous@dev.eclipse.org:/home/tools,,org.eclipse.ve-feature/org.eclipse.ve.sdk

feature@org.eclipse.jem=I20050719,:pserver:anonymous@dev.eclipse.org:/home/tools,,org.eclipse.jem-feature
feature@org.eclipse.jem.sdk=I20050719,:pserver:anonymous@dev.eclipse.org:/home/tools,,org.eclipse.jem-feature/org.eclipse.jem.sdk-feature
feature@org.eclipse.jem.tests=I20050719,:pserver:anonymous@dev.eclipse.org:/home/tools,,org.eclipse.jem.tests-feature

feature@org.eclipse.ve=I20050719,:pserver:anonymous@dev.eclipse.org:/home/tools,,org.eclipse.ve-feature
feature@org.eclipse.ve.examples=I20050719,:pserver:anonymous@dev.eclipse.org:/home/tools,,org.eclipse.ve.examples-feature
feature@org.eclipse.ve.tests=I20050719,:pserver:anonymous@dev.eclipse.org:/home/tools,,org.eclipse.ve.tests-feature
feature@org.eclipse.ve.sdk=I20050719,:pserver:anonymous@dev.eclipse.org:/home/tools,,org.eclipse.ve-feature/org.eclipse.ve.sdk-feature

