!***************  VE CONTRIBUTION  ******************************************************** 

!*** Special binary plugins which are temporarily included until they become open sourced.
plugin@com.ibm.etools.emf.ecore.utilities=S20031113,:pserver:anonymous@dev.eclipse.org:/home/tools,,org.eclipse.jem-feature/com.ibm.etools.emf.ecore.utilities
plugin@com.ibm.etools.emf.event=S20031113,:pserver:anonymous@dev.eclipse.org:/home/tools,,org.eclipse.jem-feature/com.ibm.etools.emf.event
plugin@com.ibm.etools.emf.workbench=S20031113,:pserver:anonymous@dev.eclipse.org:/home/tools,,org.eclipse.jem-feature/com.ibm.etools.emf.workbench

!*** Special ones from eclipse.
plugin@org.eclipse.test=v20031031,:pserver:anonymous@dev.eclipse.org:/home/eclipse,
fragment@org.eclipse.ant.optional.junit=v20030401,:pserver:anonymous@dev.eclipse.org:/home/eclipse,

!*** The standard contributions

plugin@org.eclipse.jem=S20031113,:pserver:anonymous@dev.eclipse.org:/home/tools,
plugin@org.eclipse.jem.beaninfo=S20031113,:pserver:anonymous@dev.eclipse.org:/home/tools,
plugin@org.eclipse.jem.beaninfo.ui=S20031113,:pserver:anonymous@dev.eclipse.org:/home/tools,
plugin@org.eclipse.jem.proxy=S20031113,:pserver:anonymous@dev.eclipse.org:/home/tools,
plugin@org.eclipse.jem.tests=S20031113,:pserver:anonymous@dev.eclipse.org:/home/tools,
plugin@org.eclipse.jem.workbench=S20031113,:pserver:anonymous@dev.eclipse.org:/home/tools,

plugin@org.eclipse.ve=S20031113,:pserver:anonymous@dev.eclipse.org:/home/tools,
plugin@org.eclipse.ve.cde=S20031113,:pserver:anonymous@dev.eclipse.org:/home/tools,
plugin@org.eclipse.ve.examples=S20031113,:pserver:anonymous@dev.eclipse.org:/home/tools,
plugin@org.eclipse.ve.java.core=S20031113a,:pserver:anonymous@dev.eclipse.org:/home/tools,
plugin@org.eclipse.ve.propertysheet=S20031113,:pserver:anonymous@dev.eclipse.org:/home/tools,
plugin@org.eclipse.ve.jfc=S20031113,:pserver:anonymous@dev.eclipse.org:/home/tools,
plugin@org.eclipse.ve.tests=S20031113,:pserver:anonymous@dev.eclipse.org:/home/tools,
plugin@org.eclipse.ve.doc=I20031117,:pserver:anonymous@dev.eclipse.org:/home/tools,

feature@org.eclipse.jem=S20031113,:pserver:anonymous@dev.eclipse.org:/home/tools,,org.eclipse.jem-feature
feature@org.eclipse.jem.tests=S20031113,:pserver:anonymous@dev.eclipse.org:/home/tools,,org.eclipse.jem.tests-feature

feature@org.eclipse.ve=S20031113,:pserver:anonymous@dev.eclipse.org:/home/tools,,org.eclipse.ve-feature
feature@org.eclipse.ve.examples=S20031113,:pserver:anonymous@dev.eclipse.org:/home/tools,,org.eclipse.ve.examples-feature
feature@org.eclipse.ve.tests=S20031113,:pserver:anonymous@dev.eclipse.org:/home/tools,,org.eclipse.ve.tests-feature
feature@org.eclipse.ve.sdk=S20031113,:pserver:anonymous@dev.eclipse.org:/home/tools,,org.eclipse.ve-feature/org.eclipse.ve.sdk

