!***************  VE CONTRIBUTION  ******************************************************** 

!*** Special binary plugins which are temporarily included until they become open sourced.
plugin@org.eclipse.wtp.emf=N20040218_a,:pserver:anonymous@dev.eclipse.org:/home/tools,,org.eclipse.jem-feature/org.eclipse.wtp.emf
plugin@com.ibm.etools.emf.event=N20040218_a,:pserver:anonymous@dev.eclipse.org:/home/tools,,org.eclipse.jem-feature/com.ibm.etools.emf.event
plugin@org.eclipse.wtp.emf.workbench=N20040218_a,:pserver:anonymous@dev.eclipse.org:/home/tools,,org.eclipse.jem-feature/org.eclipse.wtp.emf.workbench
plugin@org.eclipse.wtp.common=N20040218_a,:pserver:anonymous@dev.eclipse.org:/home/tools,,org.eclipse.jem-feature/org.eclipse.wtp.common

!*** Special ones from eclipse.
plugin@org.eclipse.test=v20031125,:pserver:anonymous@dev.eclipse.org:/home/eclipse,
fragment@org.eclipse.ant.optional.junit=v20030401,:pserver:anonymous@dev.eclipse.org:/home/eclipse,

!*** The standard contributions

plugin@org.eclipse.jem=N20040218_a,:pserver:anonymous@dev.eclipse.org:/home/tools,
plugin@org.eclipse.jem.beaninfo=N20040218_a,:pserver:anonymous@dev.eclipse.org:/home/tools,
plugin@org.eclipse.jem.beaninfo.ui=N20040218_a,:pserver:anonymous@dev.eclipse.org:/home/tools,
plugin@org.eclipse.jem.proxy=N20040218_a,:pserver:anonymous@dev.eclipse.org:/home/tools,
plugin@org.eclipse.jem.tests=N20040218_a,:pserver:anonymous@dev.eclipse.org:/home/tools,
plugin@org.eclipse.jem.workbench=N20040218_a,:pserver:anonymous@dev.eclipse.org:/home/tools,

plugin@org.eclipse.ve=N20040218_a,:pserver:anonymous@dev.eclipse.org:/home/tools,
plugin@org.eclipse.ve.cde=N20040218_a,:pserver:anonymous@dev.eclipse.org:/home/tools,
plugin@org.eclipse.ve.examples=N20040218_a,:pserver:anonymous@dev.eclipse.org:/home/tools,
plugin@org.eclipse.ve.java.core=N20040218_a,:pserver:anonymous@dev.eclipse.org:/home/tools,
plugin@org.eclipse.ve.propertysheet=N20040218,:pserver:anonymous@dev.eclipse.org:/home/tools,
plugin@org.eclipse.ve.jfc=N20040218_a,:pserver:anonymous@dev.eclipse.org:/home/tools,
plugin@org.eclipse.ve.swt=N20040218b,:pserver:anonymous@dev.eclipse.org:/home/tools,
plugin@org.eclipse.ve.tests=N20040218,:pserver:anonymous@dev.eclipse.org:/home/tools,
plugin@org.eclipse.ve.doc=N20040218,:pserver:anonymous@dev.eclipse.org:/home/tools,
plugin@org.eclipse.ve.sdk=N20040218a,:pserver:anonymous@dev.eclipse.org:/home/tools,,org.eclipse.ve-feature/org.eclipse.ve.sdk

feature@org.eclipse.jem=N20040218_a,:pserver:anonymous@dev.eclipse.org:/home/tools,,org.eclipse.jem-feature
feature@org.eclipse.jem.tests=N20040218_a,:pserver:anonymous@dev.eclipse.org:/home/tools,,org.eclipse.jem.tests-feature

feature@org.eclipse.ve=N20040218a,:pserver:anonymous@dev.eclipse.org:/home/tools,,org.eclipse.ve-feature
feature@org.eclipse.ve.examples=N20040218_a,:pserver:anonymous@dev.eclipse.org:/home/tools,,org.eclipse.ve.examples-feature
feature@org.eclipse.ve.tests=N20040218,:pserver:anonymous@dev.eclipse.org:/home/tools,,org.eclipse.ve.tests-feature
feature@org.eclipse.ve.sdk=N20040218a,:pserver:anonymous@dev.eclipse.org:/home/tools,,org.eclipse.ve-feature/org.eclipse.ve.sdk-feature

